
> ayn-al-sijill-promo-video@1.0.0 film:draft
> remotion render src/film/index.tsx AYN29Master output/draft.mp4 --scale=0.5 --codec=h264 --crf=22 --concurrency=4

🧹 Webpack config change detected. Clearing cache...
Bundling 6%
Bundling 21%
Bundling 32%
Bundling 43%
Bundling 54%
Bundling 65%
Bundling 70%
Bundling 75%
Bundling 80%
Bundling 85%
Bundling 91%
Bundling 98%
Bundling 100%
Getting composition
⚡️ Cached bundle. Subsequent renders will be faster.
Composition          AYN29Master
Codec                h264
Output               output/draft.mp4
Concurrency          4x
Rendered 0/870
Rendered 1/870, time remaining: 5m 18s
Rendered 2/870, time remaining: 2m 39s
Rendered 3/870, time remaining: 1m 46s
Rendered 4/870, time remaining: 1m 20s
Rendered 5/870, time remaining: 1m 11s
Rendered 6/870, time remaining: 59s
Rendered 7/870, time remaining: 51s
Rendered 8/870, time remaining: 47s
Rendered 9/870, time remaining: 45s
Rendered 10/870, time remaining: 41s
Rendered 11/870, time remaining: 37s
Rendered 12/870, time remaining: 34s
Rendered 13/870, time remaining: 34s
Rendered 14/870, time remaining: 32s
Rendered 15/870, time remaining: 30s
Rendered 16/870, time remaining: 29s
Rendered 17/870, time remaining: 28s
Rendered 18/870, time remaining: 27s
Rendered 19/870, time remaining: 26s
Rendered 20/870, time remaining: 25s
Rendered 21/870, time remaining: 25s
Rendered 22/870, time remaining: 24s
Rendered 23/870, time remaining: 23s
Rendered 24/870, time remaining: 22s
Rendered 25/870, time remaining: 22s
Rendered 26/870, time remaining: 22s
Rendered 27/870, time remaining: 21s
Rendered 28/870, time remaining: 20s
Rendered 29/870, time remaining: 21s
Rendered 30/870, time remaining: 20s
Rendered 31/870, time remaining: 20s
Rendered 32/870, time remaining: 19s
Rendered 33/870, time remaining: 19s
Rendered 34/870, time remaining: 19s
Rendered 35/870, time remaining: 18s
Rendered 36/870, time remaining: 18s
Rendered 37/870, time remaining: 18s
Rendered 38/870, time remaining: 18s
Rendered 39/870, time remaining: 17s
Rendered 40/870, time remaining: 17s
Rendered 41/870, time remaining: 17s
Rendered 42/870, time remaining: 17s
Rendered 43/870, time remaining: 17s
Rendered 44/870, time remaining: 16s
Rendered 45/870, time remaining: 16s
Rendered 46/870, time remaining: 16s
Rendered 47/870, time remaining: 16s
Rendered 48/870, time remaining: 16s
Rendered 49/870, time remaining: 16s
Rendered 50/870, time remaining: 16s
Rendered 51/870, time remaining: 15s
Rendered 52/870, time remaining: 15s
Rendered 53/870, time remaining: 15s
Rendered 54/870, time remaining: 15s
Rendered 55/870, time remaining: 15s
Rendered 56/870, time remaining: 15s
Rendered 57/870, time remaining: 15s
Rendered 58/870, time remaining: 15s
Rendered 59/870, time remaining: 15s
Rendered 60/870, time remaining: 14s
Rendered 61/870, time remaining: 14s
Rendered 62/870, time remaining: 14s
Rendered 63/870, time remaining: 14s
Rendered 64/870, time remaining: 14s
Rendered 65/870, time remaining: 14s
Rendered 66/870, time remaining: 14s
Rendered 67/870, time remaining: 14s
Rendered 68/870, time remaining: 14s
Rendered 69/870, time remaining: 14s
Rendered 70/870, time remaining: 14s
Rendered 71/870, time remaining: 13s
Rendered 72/870, time remaining: 13s
Rendered 73/870, time remaining: 13s
Rendered 74/870, time remaining: 13s
Rendered 75/870, time remaining: 13s
Rendered 76/870, time remaining: 13s
Rendered 77/870, time remaining: 13s
Rendered 78/870, time remaining: 13s
Rendered 79/870, time remaining: 13s
Rendered 80/870, time remaining: 13s
Rendered 81/870, time remaining: 13s
Rendered 82/870, time remaining: 13s
Rendered 83/870, time remaining: 13s
Rendered 84/870, time remaining: 13s
Rendered 85/870, time remaining: 13s
Rendered 86/870, time remaining: 13s
Rendered 87/870, time remaining: 12s
Rendered 88/870, time remaining: 12s
Rendered 89/870, time remaining: 12s
Rendered 90/870, time remaining: 12s
Rendered 91/870, time remaining: 12s
Rendered 92/870, time remaining: 12s
Rendered 93/870, time remaining: 12s
Rendered 94/870, time remaining: 12s
Rendered 95/870, time remaining: 12s
Rendered 96/870, time remaining: 12s
Rendered 97/870, time remaining: 12s
Rendered 98/870, time remaining: 12s
Rendered 99/870, time remaining: 12s
Rendered 100/870, time remaining: 12s
Rendered 101/870, time remaining: 12s
Rendered 102/870, time remaining: 12s
Rendered 103/870, time remaining: 12s
Rendered 104/870, time remaining: 12s
Rendered 105/870, time remaining: 12s
Rendered 106/870, time remaining: 12s
Rendered 107/870, time remaining: 12s
Rendered 108/870, time remaining: 11s
Rendered 109/870, time remaining: 12s
Rendered 110/870, time remaining: 11s
Rendered 111/870, time remaining: 11s
Rendered 112/870, time remaining: 11s
Rendered 113/870, time remaining: 11s
Rendered 114/870, time remaining: 11s
Rendered 115/870, time remaining: 11s
Rendered 116/870, time remaining: 11s
Rendered 117/870, time remaining: 11s
Rendered 118/870, time remaining: 11s
Rendered 119/870, time remaining: 11s
Rendered 120/870, time remaining: 11s
Rendered 121/870, time remaining: 11s
Rendered 122/870, time remaining: 11s
Rendered 123/870, time remaining: 11s
Rendered 124/870, time remaining: 11s
Rendered 125/870, time remaining: 11s
Rendered 126/870, time remaining: 11s
Rendered 127/870, time remaining: 11s
Rendered 128/870, time remaining: 11s
Rendered 129/870, time remaining: 11s
Rendered 130/870, time remaining: 11s
Rendered 131/870, time remaining: 11s
Rendered 132/870, time remaining: 11s
Rendered 133/870, time remaining: 11s
Rendered 134/870, time remaining: 11s
Rendered 135/870, time remaining: 11s
Rendered 136/870, time remaining: 11s
Rendered 137/870, time remaining: 11s
Rendered 138/870, time remaining: 11s
Rendered 139/870, time remaining: 11s
Rendered 140/870, time remaining: 10s
Rendered 141/870, time remaining: 10s
Rendered 142/870, time remaining: 10s
Rendered 143/870, time remaining: 10s
Rendered 144/870, time remaining: 10s
Rendered 145/870, time remaining: 10s
Rendered 146/870, time remaining: 10s
Rendered 147/870, time remaining: 10s
Rendered 148/870, time remaining: 10s
Rendered 149/870, time remaining: 10s
Rendered 150/870, time remaining: 10s
Rendered 151/870, time remaining: 8s
Rendered 152/870, time remaining: 8s
Rendered 153/870, time remaining: 9s
Rendered 154/870, time remaining: 9s
Rendered 155/870, time remaining: 8s
Rendered 156/870, time remaining: 8s
Rendered 157/870, time remaining: 9s
Rendered 158/870, time remaining: 8s
Rendered 159/870, time remaining: 8s
Rendered 160/870, time remaining: 9s
Rendered 161/870, time remaining: 9s
Rendered 162/870, time remaining: 9s
Rendered 163/870, time remaining: 9s
Rendered 164/870, time remaining: 9s
Rendered 165/870, time remaining: 9s
Rendered 166/870, time remaining: 9s
Rendered 167/870, time remaining: 9s
Rendered 168/870, time remaining: 9s
Rendered 169/870, time remaining: 9s
Rendered 170/870, time remaining: 9s
Rendered 171/870, time remaining: 9s
Rendered 172/870, time remaining: 9s
Rendered 173/870, time remaining: 9s
Rendered 174/870, time remaining: 9s
Rendered 175/870, time remaining: 9s
Rendered 176/870, time remaining: 9s
Rendered 177/870, time remaining: 9s
Rendered 178/870, time remaining: 9s
Rendered 179/870, time remaining: 9s
Rendered 179/870, time remaining: 9s
Rendered 180/870, time remaining: 9s
Rendered 181/870, time remaining: 9s
Rendered 182/870, time remaining: 9s
Rendered 183/870, time remaining: 9s
Rendered 184/870, time remaining: 9s
Rendered 185/870, time remaining: 9s
Rendered 186/870, time remaining: 9s
Rendered 187/870, time remaining: 9s
Rendered 188/870, time remaining: 9s
Rendered 189/870, time remaining: 9s
Rendered 190/870, time remaining: 9s
Rendered 191/870, time remaining: 9s
Rendered 192/870, time remaining: 9s
Rendered 193/870, time remaining: 9s
Rendered 194/870, time remaining: 9s
Rendered 195/870, time remaining: 9s
Rendered 196/870, time remaining: 9s
Rendered 197/870, time remaining: 9s
Rendered 198/870, time remaining: 9s
Rendered 199/870, time remaining: 9s
Rendered 200/870, time remaining: 9s
Rendered 201/870, time remaining: 9s
Rendered 202/870, time remaining: 9s
Rendered 203/870, time remaining: 9s
Rendered 204/870, time remaining: 9s
Rendered 205/870, time remaining: 9s
Rendered 206/870, time remaining: 9s
Rendered 207/870, time remaining: 9s
Rendered 208/870, time remaining: 9s
Rendered 209/870, time remaining: 9s
Rendered 210/870, time remaining: 9s
Rendered 211/870, time remaining: 9s
Rendered 212/870, time remaining: 9s
Rendered 213/870, time remaining: 9s
Rendered 214/870, time remaining: 9s
Rendered 215/870, time remaining: 9s
Rendered 216/870, time remaining: 9s
Rendered 216/870, time remaining: 9s
Rendered 217/870, time remaining: 9s
Rendered 218/870, time remaining: 9s
Rendered 219/870, time remaining: 9s
Rendered 220/870, time remaining: 9s
Rendered 221/870, time remaining: 9s
Rendered 222/870, time remaining: 9s
Rendered 223/870, time remaining: 9s
Rendered 224/870, time remaining: 8s
Rendered 225/870, time remaining: 8s
Rendered 226/870, time remaining: 9s
Rendered 227/870, time remaining: 8s
Rendered 228/870, time remaining: 8s
Rendered 229/870, time remaining: 8s
Rendered 230/870, time remaining: 9s
Rendered 231/870, time remaining: 8s
Rendered 232/870, time remaining: 8s
Rendered 233/870, time remaining: 8s
Rendered 234/870, time remaining: 8s
Rendered 235/870, time remaining: 8s
Rendered 236/870, time remaining: 8s
Rendered 237/870, time remaining: 8s
Rendered 238/870, time remaining: 8s
Rendered 239/870, time remaining: 8s
Rendered 240/870, time remaining: 8s
Rendered 241/870, time remaining: 8s
Rendered 242/870, time remaining: 8s
Rendered 243/870, time remaining: 8s
Rendered 244/870, time remaining: 8s
Rendered 245/870, time remaining: 8s
Rendered 246/870, time remaining: 8s
Rendered 247/870, time remaining: 8s
Rendered 248/870, time remaining: 8s
Rendered 249/870, time remaining: 8s
Rendered 250/870, time remaining: 8s
Rendered 251/870, time remaining: 8s
Rendered 252/870, time remaining: 8s
Rendered 253/870, time remaining: 8s
Rendered 253/870, time remaining: 8s
Rendered 254/870, time remaining: 8s
Rendered 255/870, time remaining: 8s
Rendered 256/870, time remaining: 8s
Rendered 257/870, time remaining: 8s
Rendered 258/870, time remaining: 8s
Rendered 259/870, time remaining: 8s
Rendered 260/870, time remaining: 8s
Rendered 261/870, time remaining: 8s
Rendered 262/870, time remaining: 8s
Rendered 263/870, time remaining: 8s
Rendered 264/870, time remaining: 8s
Rendered 265/870, time remaining: 8s
Rendered 266/870, time remaining: 8s
Rendered 267/870, time remaining: 8s
Rendered 268/870, time remaining: 8s
Rendered 269/870, time remaining: 8s
Rendered 270/870, time remaining: 8s
Rendered 271/870, time remaining: 8s
Rendered 272/870, time remaining: 8s
Rendered 273/870, time remaining: 8s
Rendered 274/870, time remaining: 8s
Rendered 275/870, time remaining: 8s
Rendered 276/870, time remaining: 8s
Rendered 277/870, time remaining: 8s
Rendered 278/870, time remaining: 8s
Rendered 279/870, time remaining: 8s
Rendered 280/870, time remaining: 8s
Rendered 281/870, time remaining: 8s
Rendered 282/870, time remaining: 8s
Rendered 283/870, time remaining: 8s
Rendered 284/870, time remaining: 8s
Rendered 285/870, time remaining: 8s
Rendered 286/870, time remaining: 8s
Rendered 287/870, time remaining: 8s
Rendered 288/870, time remaining: 8s
Rendered 289/870, time remaining: 8s
Rendered 290/870, time remaining: 8s
Rendered 291/870, time remaining: 8s
Rendered 292/870, time remaining: 8s
Rendered 293/870, time remaining: 8s
Rendered 293/870, time remaining: 8s
Rendered 294/870, time remaining: 8s
Rendered 295/870, time remaining: 7s
Rendered 296/870, time remaining: 8s
Rendered 297/870, time remaining: 8s
Rendered 298/870, time remaining: 8s
Rendered 299/870, time remaining: 7s
Rendered 300/870, time remaining: 8s
Rendered 301/870, time remaining: 7s
Rendered 302/870, time remaining: 8s
Rendered 303/870, time remaining: 7s
Rendered 304/870, time remaining: 7s
Rendered 305/870, time remaining: 7s
Rendered 306/870, time remaining: 7s
Rendered 307/870, time remaining: 7s
Rendered 308/870, time remaining: 7s
Rendered 309/870, time remaining: 7s
Rendered 310/870, time remaining: 7s
Rendered 311/870, time remaining: 7s
Rendered 312/870, time remaining: 7s
Rendered 313/870, time remaining: 7s
Rendered 314/870, time remaining: 7s
Rendered 315/870, time remaining: 7s
Rendered 316/870, time remaining: 7s
Rendered 317/870, time remaining: 7s
Rendered 318/870, time remaining: 7s
Rendered 319/870, time remaining: 7s
Rendered 320/870, time remaining: 7s
Rendered 321/870, time remaining: 7s
Rendered 322/870, time remaining: 7s
Rendered 323/870, time remaining: 7s
Rendered 324/870, time remaining: 7s
Rendered 325/870, time remaining: 7s
Rendered 326/870, time remaining: 7s
Rendered 327/870, time remaining: 7s
Rendered 328/870, time remaining: 7s
Rendered 329/870, time remaining: 7s
Rendered 330/870, time remaining: 7s
Rendered 331/870, time remaining: 6s
Rendered 332/870, time remaining: 7s
Rendered 333/870, time remaining: 7s
Rendered 333/870, time remaining: 7s
Rendered 334/870, time remaining: 6s
Rendered 335/870, time remaining: 6s
Rendered 336/870, time remaining: 6s
Rendered 337/870, time remaining: 6s
Rendered 338/870, time remaining: 6s
Rendered 339/870, time remaining: 6s
Rendered 340/870, time remaining: 6s
Rendered 341/870, time remaining: 6s
Rendered 342/870, time remaining: 6s
Rendered 343/870, time remaining: 6s
Rendered 344/870, time remaining: 6s
Rendered 345/870, time remaining: 6s
Rendered 346/870, time remaining: 6s
Rendered 347/870, time remaining: 6s
Rendered 348/870, time remaining: 6s
Rendered 349/870, time remaining: 6s
Rendered 350/870, time remaining: 6s
Rendered 351/870, time remaining: 6s
Rendered 352/870, time remaining: 6s
Rendered 353/870, time remaining: 6s
Rendered 354/870, time remaining: 6s
Rendered 355/870, time remaining: 6s
Rendered 356/870, time remaining: 6s
Rendered 357/870, time remaining: 6s
Rendered 358/870, time remaining: 6s
Rendered 359/870, time remaining: 6s
Rendered 360/870, time remaining: 6s
Rendered 361/870, time remaining: 6s
Rendered 362/870, time remaining: 6s
Rendered 363/870, time remaining: 6s
Rendered 364/870, time remaining: 6s
Rendered 365/870, time remaining: 6s
Rendered 366/870, time remaining: 6s
Rendered 367/870, time remaining: 6s
Rendered 368/870, time remaining: 6s
Rendered 369/870, time remaining: 6s
Rendered 370/870, time remaining: 6s
Rendered 371/870, time remaining: 6s
Rendered 371/870, time remaining: 6s
Rendered 372/870, time remaining: 6s
Rendered 373/870, time remaining: 6s
Rendered 374/870, time remaining: 6s
Rendered 375/870, time remaining: 6s
Rendered 376/870, time remaining: 6s
Rendered 377/870, time remaining: 6s
Rendered 378/870, time remaining: 6s
Rendered 379/870, time remaining: 6s
Rendered 380/870, time remaining: 6s
Rendered 381/870, time remaining: 6s
Rendered 382/870, time remaining: 6s
Rendered 383/870, time remaining: 6s
Rendered 384/870, time remaining: 6s
Rendered 385/870, time remaining: 6s
Rendered 386/870, time remaining: 6s
Rendered 387/870, time remaining: 6s
Rendered 388/870, time remaining: 6s
Rendered 389/870, time remaining: 6s
Rendered 390/870, time remaining: 6s
Rendered 391/870, time remaining: 6s
Rendered 392/870, time remaining: 6s
Rendered 393/870, time remaining: 6s
Rendered 394/870, time remaining: 6s
Rendered 395/870, time remaining: 6s
Rendered 396/870, time remaining: 6s
Rendered 397/870, time remaining: 6s
Rendered 398/870, time remaining: 5s
Rendered 399/870, time remaining: 6s
Rendered 400/870, time remaining: 5s
Rendered 401/870, time remaining: 5s
Rendered 402/870, time remaining: 5s
Rendered 403/870, time remaining: 5s
Rendered 404/870, time remaining: 5s
Rendered 405/870, time remaining: 5s
Rendered 406/870, time remaining: 5s
Rendered 407/870, time remaining: 5s
Rendered 408/870, time remaining: 5s
Rendered 409/870, time remaining: 5s
Rendered 410/870, time remaining: 5s
Rendered 411/870, time remaining: 5s
Rendered 411/870, time remaining: 5s
Rendered 412/870, time remaining: 5s
Rendered 413/870, time remaining: 5s
Rendered 414/870, time remaining: 5s
Rendered 415/870, time remaining: 5s
Rendered 416/870, time remaining: 5s
Rendered 417/870, time remaining: 5s
Rendered 418/870, time remaining: 5s
Rendered 419/870, time remaining: 5s
Rendered 420/870, time remaining: 5s
Rendered 421/870, time remaining: 5s
Rendered 422/870, time remaining: 5s
Rendered 423/870, time remaining: 5s
Rendered 424/870, time remaining: 5s
Rendered 425/870, time remaining: 5s
Rendered 426/870, time remaining: 5s
Rendered 427/870, time remaining: 5s
Rendered 428/870, time remaining: 5s
Rendered 429/870, time remaining: 5s
Rendered 430/870, time remaining: 5s
Rendered 431/870, time remaining: 5s
Rendered 432/870, time remaining: 5s
Rendered 433/870, time remaining: 5s
Rendered 434/870, time remaining: 5s
Rendered 435/870, time remaining: 5s
Rendered 436/870, time remaining: 5s
Rendered 437/870, time remaining: 5s
Rendered 438/870, time remaining: 5s
Rendered 439/870, time remaining: 5s
Rendered 440/870, time remaining: 5s
Rendered 441/870, time remaining: 5s
Rendered 442/870, time remaining: 5s
Rendered 443/870, time remaining: 5s
Rendered 444/870, time remaining: 5s
Rendered 445/870, time remaining: 5s
Rendered 446/870, time remaining: 5s
Rendered 447/870, time remaining: 5s
Rendered 447/870, time remaining: 5s
Rendered 448/870, time remaining: 5s
Rendered 449/870, time remaining: 5s
Rendered 450/870, time remaining: 5s
Rendered 451/870, time remaining: 5s
Rendered 452/870, time remaining: 5s
Rendered 453/870, time remaining: 5s
Rendered 454/870, time remaining: 5s
Rendered 455/870, time remaining: 5s
Rendered 456/870, time remaining: 5s
Rendered 457/870, time remaining: 5s
Rendered 458/870, time remaining: 5s
Rendered 459/870, time remaining: 5s
Rendered 460/870, time remaining: 5s
Rendered 461/870, time remaining: 5s
Rendered 462/870, time remaining: 5s
Rendered 463/870, time remaining: 5s
Rendered 464/870, time remaining: 5s
Rendered 465/870, time remaining: 5s
Rendered 466/870, time remaining: 5s
Rendered 467/870, time remaining: 5s
Rendered 468/870, time remaining: 5s
Rendered 469/870, time remaining: 5s
Rendered 470/870, time remaining: 5s
Rendered 471/870, time remaining: 5s
Rendered 472/870, time remaining: 5s
Rendered 473/870, time remaining: 5s
Rendered 474/870, time remaining: 5s
Rendered 475/870, time remaining: 5s
Rendered 476/870, time remaining: 5s
Rendered 477/870, time remaining: 5s
Rendered 478/870, time remaining: 5s
Rendered 479/870, time remaining: 5s
Rendered 480/870, time remaining: 5s
Rendered 481/870, time remaining: 5s
Rendered 482/870, time remaining: 5s
Rendered 483/870, time remaining: 5s
Rendered 484/870, time remaining: 5s
Rendered 485/870, time remaining: 5s
Rendered 486/870, time remaining: 4s
Rendered 487/870, time remaining: 4s
Rendered 487/870, time remaining: 4s
Rendered 488/870, time remaining: 4s
Rendered 489/870, time remaining: 5s
Rendered 490/870, time remaining: 4s
Rendered 491/870, time remaining: 4s
Rendered 492/870, time remaining: 4s
Rendered 493/870, time remaining: 5s
Rendered 494/870, time remaining: 4s
Rendered 495/870, time remaining: 4s
Rendered 496/870, time remaining: 4s
Rendered 497/870, time remaining: 4s
Rendered 498/870, time remaining: 4s
Rendered 499/870, time remaining: 4s
Rendered 500/870, time remaining: 4s
Rendered 501/870, time remaining: 4s
Rendered 502/870, time remaining: 4s
Rendered 503/870, time remaining: 4s
Rendered 504/870, time remaining: 4s
Rendered 505/870, time remaining: 4s
Rendered 506/870, time remaining: 4s
Rendered 507/870, time remaining: 4s
Rendered 508/870, time remaining: 4s
Rendered 509/870, time remaining: 4s
Rendered 510/870, time remaining: 4s
Rendered 511/870, time remaining: 4s
Rendered 512/870, time remaining: 4s
Rendered 513/870, time remaining: 4s
Rendered 514/870, time remaining: 4s
Rendered 515/870, time remaining: 4s
Rendered 516/870, time remaining: 4s
Rendered 517/870, time remaining: 4s
Rendered 518/870, time remaining: 4s
Rendered 519/870, time remaining: 4s
Rendered 520/870, time remaining: 4s
Rendered 521/870, time remaining: 4s
Rendered 522/870, time remaining: 4s
Rendered 523/870, time remaining: 4s
Rendered 524/870, time remaining: 4s
Rendered 524/870, time remaining: 4s
Rendered 525/870, time remaining: 4s
Rendered 526/870, time remaining: 4s
Rendered 527/870, time remaining: 4s
Rendered 528/870, time remaining: 4s
Rendered 529/870, time remaining: 4s
Rendered 530/870, time remaining: 4s
Rendered 531/870, time remaining: 4s
Rendered 532/870, time remaining: 4s
Rendered 533/870, time remaining: 4s
Rendered 534/870, time remaining: 4s
Rendered 535/870, time remaining: 4s
Rendered 536/870, time remaining: 4s
Rendered 537/870, time remaining: 4s
Rendered 538/870, time remaining: 4s
Rendered 539/870, time remaining: 4s
Rendered 540/870, time remaining: 4s
Rendered 541/870, time remaining: 4s
Rendered 542/870, time remaining: 4s
Rendered 543/870, time remaining: 4s
Rendered 544/870, time remaining: 4s
Rendered 545/870, time remaining: 4s
Rendered 546/870, time remaining: 4s
Rendered 547/870, time remaining: 4s
Rendered 548/870, time remaining: 4s
Rendered 549/870, time remaining: 4s
Rendered 550/870, time remaining: 4s
Rendered 551/870, time remaining: 4s
Rendered 552/870, time remaining: 4s
Rendered 553/870, time remaining: 4s
Rendered 554/870, time remaining: 4s
Rendered 555/870, time remaining: 4s
Rendered 556/870, time remaining: 4s
Rendered 557/870, time remaining: 4s
Rendered 558/870, time remaining: 3s
Rendered 559/870, time remaining: 4s
Rendered 560/870, time remaining: 3s
Rendered 561/870, time remaining: 4s
Rendered 562/870, time remaining: 3s
Rendered 563/870, time remaining: 3s
Rendered 564/870, time remaining: 3s
Rendered 564/870, time remaining: 3s
Rendered 565/870, time remaining: 3s
Rendered 566/870, time remaining: 3s
Rendered 567/870, time remaining: 3s
Rendered 568/870, time remaining: 3s
Rendered 569/870, time remaining: 3s
Rendered 570/870, time remaining: 3s
Rendered 571/870, time remaining: 3s
Rendered 572/870, time remaining: 3s
Rendered 573/870, time remaining: 3s
Rendered 574/870, time remaining: 3s
Rendered 575/870, time remaining: 3s
Rendered 576/870, time remaining: 3s
Rendered 577/870, time remaining: 3s
Rendered 578/870, time remaining: 3s
Rendered 579/870, time remaining: 3s
Rendered 580/870, time remaining: 3s
Rendered 581/870, time remaining: 3s
Rendered 582/870, time remaining: 3s
Rendered 583/870, time remaining: 3s
Rendered 584/870, time remaining: 3s
Rendered 585/870, time remaining: 3s
Rendered 586/870, time remaining: 3s
Rendered 587/870, time remaining: 3s
Rendered 588/870, time remaining: 3s
Rendered 589/870, time remaining: 3s
Rendered 590/870, time remaining: 3s
Rendered 591/870, time remaining: 3s
Rendered 592/870, time remaining: 3s
Rendered 593/870, time remaining: 3s
Rendered 594/870, time remaining: 3s
Rendered 595/870, time remaining: 3s
Rendered 596/870, time remaining: 3s
Rendered 596/870, time remaining: 3s
Rendered 597/870, time remaining: 3s
Rendered 598/870, time remaining: 3s
Rendered 599/870, time remaining: 3s
Rendered 600/870, time remaining: 3s
Rendered 601/870, time remaining: 3s
Rendered 602/870, time remaining: 3s
Rendered 603/870, time remaining: 3s
Rendered 604/870, time remaining: 3s
Rendered 605/870, time remaining: 3s
Rendered 606/870, time remaining: 3s
Rendered 607/870, time remaining: 3s
Rendered 608/870, time remaining: 3s
Rendered 609/870, time remaining: 3s
Rendered 610/870, time remaining: 3s
Rendered 611/870, time remaining: 3s
Rendered 612/870, time remaining: 3s
Rendered 613/870, time remaining: 3s
Rendered 614/870, time remaining: 3s
Rendered 615/870, time remaining: 3s
Rendered 616/870, time remaining: 3s
Rendered 617/870, time remaining: 3s
Rendered 618/870, time remaining: 3s
Rendered 619/870, time remaining: 3s
Rendered 620/870, time remaining: 3s
Rendered 621/870, time remaining: 3s
Rendered 622/870, time remaining: 3s
Rendered 623/870, time remaining: 3s
Rendered 624/870, time remaining: 3s
Rendered 625/870, time remaining: 3s
Rendered 626/870, time remaining: 3s
Rendered 627/870, time remaining: 3s
Rendered 628/870, time remaining: 3s
Rendered 629/870, time remaining: 3s
Rendered 630/870, time remaining: 3s
Rendered 631/870, time remaining: 3s
Rendered 632/870, time remaining: 3s
Rendered 633/870, time remaining: 3s
Rendered 634/870, time remaining: 3s
Rendered 635/870, time remaining: 3s
Rendered 636/870, time remaining: 3s
Rendered 636/870, time remaining: 3s
Rendered 637/870, time remaining: 3s
Rendered 638/870, time remaining: 3s
Rendered 639/870, time remaining: 3s
Rendered 640/870, time remaining: 3s
Rendered 641/870, time remaining: 3s
Rendered 642/870, time remaining: 3s
Rendered 643/870, time remaining: 2s
Rendered 644/870, time remaining: 2s
Rendered 645/870, time remaining: 2s
Rendered 646/870, time remaining: 3s
Rendered 647/870, time remaining: 2s
Rendered 648/870, time remaining: 2s
Rendered 649/870, time remaining: 2s
Rendered 650/870, time remaining: 2s
Rendered 651/870, time remaining: 2s
Rendered 652/870, time remaining: 2s
Rendered 653/870, time remaining: 2s
Rendered 654/870, time remaining: 2s
Rendered 655/870, time remaining: 2s
Rendered 656/870, time remaining: 2s
Rendered 657/870, time remaining: 2s
Rendered 658/870, time remaining: 2s
Rendered 659/870, time remaining: 2s
Rendered 660/870, time remaining: 2s
Rendered 661/870, time remaining: 2s
Rendered 662/870, time remaining: 2s
Rendered 663/870, time remaining: 2s
Rendered 664/870, time remaining: 2s
Rendered 665/870, time remaining: 2s
Rendered 666/870, time remaining: 2s
Rendered 667/870, time remaining: 2s
Rendered 668/870, time remaining: 2s
Rendered 669/870, time remaining: 2s
Rendered 670/870, time remaining: 2s
Rendered 671/870, time remaining: 2s
Rendered 672/870, time remaining: 2s
Rendered 673/870, time remaining: 2s
Rendered 674/870, time remaining: 2s
Rendered 675/870, time remaining: 2s
Rendered 675/870, time remaining: 2s
Rendered 676/870, time remaining: 2s
Rendered 677/870, time remaining: 2s
Rendered 678/870, time remaining: 2s
Rendered 679/870, time remaining: 2s
Rendered 680/870, time remaining: 2s
Rendered 681/870, time remaining: 2s
Rendered 682/870, time remaining: 2s
Rendered 683/870, time remaining: 2s
Rendered 684/870, time remaining: 2s
Rendered 685/870, time remaining: 2s
Rendered 686/870, time remaining: 2s
Rendered 687/870, time remaining: 2s
Rendered 688/870, time remaining: 2s
Rendered 689/870, time remaining: 2s
Rendered 690/870, time remaining: 2s
Rendered 691/870, time remaining: 2s
Rendered 692/870, time remaining: 2s
Rendered 693/870, time remaining: 2s
Rendered 694/870, time remaining: 2s
Rendered 695/870, time remaining: 2s
Rendered 696/870, time remaining: 2s
Rendered 697/870, time remaining: 2s
Rendered 698/870, time remaining: 2s
Rendered 699/870, time remaining: 2s
Rendered 700/870, time remaining: 2s
Rendered 701/870, time remaining: 2s
Rendered 702/870, time remaining: 2s
Rendered 703/870, time remaining: 2s
Rendered 704/870, time remaining: 2s
Rendered 705/870, time remaining: 2s
Rendered 706/870, time remaining: 2s
Rendered 707/870, time remaining: 2s
Rendered 708/870, time remaining: 2s
Rendered 709/870, time remaining: 2s
Rendered 710/870, time remaining: 2s
Rendered 711/870, time remaining: 2s
Rendered 712/870, time remaining: 2s
Rendered 713/870, time remaining: 2s
Rendered 714/870, time remaining: 2s
Rendered 715/870, time remaining: 2s
Rendered 715/870, time remaining: 2s
Rendered 716/870, time remaining: 2s
Rendered 717/870, time remaining: 2s
Rendered 718/870, time remaining: 2s
Rendered 719/870, time remaining: 1s
Rendered 720/870, time remaining: 1s
Rendered 721/870, time remaining: 1s
Rendered 722/870, time remaining: 1s
Rendered 723/870, time remaining: 1s
Rendered 724/870, time remaining: 1s
Rendered 725/870, time remaining: 1s
Rendered 726/870, time remaining: 1s
Rendered 727/870, time remaining: 1s
Rendered 728/870, time remaining: 1s
Rendered 729/870, time remaining: 1s
Rendered 730/870, time remaining: 1s
Rendered 731/870, time remaining: 1s
Rendered 732/870, time remaining: 1s
Rendered 733/870, time remaining: 1s
Rendered 734/870, time remaining: 1s
Rendered 735/870, time remaining: 1s
Rendered 736/870, time remaining: 1s
Rendered 737/870, time remaining: 1s
Rendered 738/870, time remaining: 1s
Rendered 739/870, time remaining: 1s
Rendered 740/870, time remaining: 1s
Rendered 741/870, time remaining: 1s
Rendered 742/870, time remaining: 1s
Rendered 743/870, time remaining: 1s
Rendered 744/870, time remaining: 1s
Rendered 745/870, time remaining: 1s
Rendered 746/870, time remaining: 1s
Rendered 747/870, time remaining: 1s
Rendered 748/870, time remaining: 1s
Rendered 749/870, time remaining: 1s
Rendered 750/870, time remaining: 1s
Rendered 751/870, time remaining: 1s
Rendered 752/870, time remaining: 1s
Rendered 753/870, time remaining: 1s
Rendered 753/870, time remaining: 1s
Rendered 754/870, time remaining: 1s
Rendered 755/870, time remaining: 1s
Rendered 756/870, time remaining: 1s
Rendered 757/870, time remaining: 1s
Rendered 758/870, time remaining: 1s
Rendered 759/870, time remaining: 1s
Rendered 760/870, time remaining: 1s
Rendered 761/870, time remaining: 1s
Rendered 762/870, time remaining: 1s
Rendered 763/870, time remaining: 1s
Rendered 764/870, time remaining: 1s
Rendered 765/870, time remaining: 1s
Rendered 766/870, time remaining: 1s
Rendered 767/870, time remaining: 1s
Rendered 768/870, time remaining: 1s
Rendered 769/870, time remaining: 1s
Rendered 770/870, time remaining: 1s
Rendered 771/870, time remaining: 1s
Rendered 772/870, time remaining: 1s
Rendered 773/870, time remaining: 1s
Rendered 774/870, time remaining: 1s
Rendered 775/870, time remaining: 1s
Rendered 776/870, time remaining: 1s
Rendered 777/870, time remaining: 1s
Rendered 778/870, time remaining: 1s
Rendered 779/870, time remaining: 1s
Rendered 780/870, time remaining: 1s
Rendered 781/870, time remaining: 1s
Rendered 782/870, time remaining: 1s
Rendered 783/870, time remaining: 1s
Rendered 784/870, time remaining: 1s
Rendered 785/870, time remaining: 1s
Rendered 786/870, time remaining: 1s
Rendered 787/870, time remaining: 1s
Rendered 788/870, time remaining: 1s
Rendered 789/870, time remaining: 1s
Rendered 790/870, time remaining: 1s
Rendered 791/870, time remaining: 1s
Rendered 792/870, time remaining: 0s
Rendered 793/870, time remaining: 0s
Rendered 793/870, time remaining: 0s
Rendered 794/870, time remaining: 0s
Rendered 795/870, time remaining: 0s
Rendered 796/870, time remaining: 0s
Rendered 797/870, time remaining: 0s
Rendered 798/870, time remaining: 0s
Rendered 799/870, time remaining: 0s
Rendered 800/870, time remaining: 0s
Rendered 801/870, time remaining: 0s
Rendered 802/870, time remaining: 0s
Rendered 803/870, time remaining: 0s
Rendered 804/870, time remaining: 0s
Rendered 805/870, time remaining: 0s
Rendered 806/870, time remaining: 0s
Rendered 807/870, time remaining: 0s
Rendered 808/870, time remaining: 0s
Rendered 809/870, time remaining: 0s
Rendered 810/870, time remaining: 0s
Rendered 811/870, time remaining: 0s
Rendered 812/870, time remaining: 0s
Rendered 813/870, time remaining: 0s
Rendered 814/870, time remaining: 0s
Rendered 815/870, time remaining: 0s
Rendered 816/870, time remaining: 0s
Rendered 817/870, time remaining: 0s
Rendered 818/870, time remaining: 0s
Rendered 819/870, time remaining: 0s
Rendered 820/870, time remaining: 0s
Rendered 821/870, time remaining: 0s
Rendered 822/870, time remaining: 0s
Rendered 823/870, time remaining: 0s
Rendered 824/870, time remaining: 0s
Rendered 825/870, time remaining: 0s
Rendered 826/870, time remaining: 0s
Rendered 827/870, time remaining: 0s
Rendered 828/870, time remaining: 0s
Rendered 829/870, time remaining: 0s
Rendered 830/870, time remaining: 0s
Rendered 831/870, time remaining: 0s
Rendered 832/870, time remaining: 0s
Rendered 833/870, time remaining: 0s
Rendered 833/870, time remaining: 0s
Rendered 834/870, time remaining: 0s
Rendered 835/870, time remaining: 0s
Rendered 836/870, time remaining: 0s
Rendered 837/870, time remaining: 0s
Rendered 838/870, time remaining: 0s
Rendered 839/870, time remaining: 0s
Rendered 840/870, time remaining: 0s
Rendered 841/870, time remaining: 0s
Rendered 842/870, time remaining: 0s
Rendered 843/870, time remaining: 0s
Rendered 844/870, time remaining: 0s
Rendered 845/870, time remaining: 0s
Rendered 846/870, time remaining: 0s
Rendered 847/870, time remaining: 0s
Rendered 848/870, time remaining: 0s
Rendered 849/870, time remaining: 0s
Rendered 850/870, time remaining: 0s
Rendered 851/870, time remaining: 0s
Rendered 852/870, time remaining: 0s
Rendered 853/870, time remaining: 0s
Rendered 854/870, time remaining: 0s
Rendered 855/870, time remaining: 0s
Rendered 856/870, time remaining: 0s
Rendered 857/870, time remaining: 0s
Rendered 858/870, time remaining: 0s
Rendered 859/870, time remaining: 0s
Rendered 860/870, time remaining: 0s
Rendered 861/870, time remaining: 0s
Rendered 862/870, time remaining: 0s
Rendered 863/870, time remaining: 0s
Rendered 864/870, time remaining: 0s
Rendered 865/870, time remaining: 0s
Rendered 866/870, time remaining: 0s
Rendered 867/870, time remaining: 0s
Rendered 868/870, time remaining: 0s
Rendered 869/870, time remaining: 0s
Encoded 617/870
Encoded 696/870
Encoded 870/870
+                    output/draft.mp4 2 MB
